INFO    -  Cleaning site directory
INFO    -  Building documentation to directory: /app/site
INFO    -  The following pages exist in the docs directory, but are not included in the "nav" configuration:
  - urbano-1/text/components/ADP_Trip_Engine.md
  - urbano-1/text/components/Activity_Demand_Profile___Persona.md
  - urbano-1/text/components/Amenity_Capacity.md
  - urbano-1/text/components/Amenity_Hits.md
  - urbano-1/text/components/Arrange_Amenities_By_Building.md
  - urbano-1/text/components/Build_Urbano_Model.md
  - urbano-1/text/components/Building_Hits.md
  - urbano-1/text/components/Building_Population.md
  - urbano-1/text/components/Create_Amenity.md
  - urbano-1/text/components/Create_Building.md
  - urbano-1/text/components/Create_Metadata.md
  - urbano-1/text/components/Create_Street_Network.md
  - urbano-1/text/components/Deconstruct_Metadata.md
  - urbano-1/text/components/Download_DEM_and_Build_Terrain_Mesh.md
  - urbano-1/text/components/Download_OpenStreetMap(OSM).md
  - urbano-1/text/components/Embed_Metadata_into_Curve.md
  - urbano-1/text/components/Embed_Metadata_into_Point.md
  - urbano-1/text/components/Find_Amenities.md
  - urbano-1/text/components/Import_LAS.md
  - urbano-1/text/components/Import_OSM_Features.md
  - urbano-1/text/components/Import_OSM_Street_Network.md
  - urbano-1/text/components/Import_Shapefile_Features.md
  - urbano-1/text/components/Import_Urbano_Model.md
  - urbano-1/text/components/Import_Urbano_Template.md
  - urbano-1/text/components/Inspect_Amenity.md
  - urbano-1/text/components/Inspect_Building.md
  - urbano-1/text/components/Inspect_Street_Segment.md
  - urbano-1/text/components/Inspect_Trip.md
  - urbano-1/text/components/Lookup_Metadata.md
  - urbano-1/text/components/Merge_Metadata.md
  - urbano-1/text/components/Project_Geographic_Point.md
  - urbano-1/text/components/Project_Pt_Onto_Terrain.md
  - urbano-1/text/components/Relative_File_Path.md
  - urbano-1/text/components/Router.md
  - urbano-1/text/components/Save_Urbano_Model.md
  - urbano-1/text/components/Simplify_Polyline.md
  - urbano-1/text/components/Split_Street_Curves.md
  - urbano-1/text/components/Street_Hits.md
  - urbano-1/text/components/Trip_Amenityscore.md
  - urbano-1/text/components/Trip_Walkscore.md
  - urbano-1/text/components/Urbano_Bake.md
  - urbano-1/text/components/WalkScore_Trip_Engine.md
  - urbano-1/text/components/WorkerWithProgBarComponent.md
  - urbano-2/text/components/ADP_Trip_Engine.md
  - urbano-2/text/components/Activity_Demand_Profile___Persona.md
  - urbano-2/text/components/Amenity_Capacity.md
  - urbano-2/text/components/Amenity_Hits.md
  - urbano-2/text/components/Arrange_Amenities_By_Building.md
  - urbano-2/text/components/Build_Urbano_Model.md
  - urbano-2/text/components/Building_Hits.md
  - urbano-2/text/components/Building_Population.md
  - urbano-2/text/components/Create_3D_Mesh.md
  - urbano-2/text/components/Create_Agent.md
  - urbano-2/text/components/Create_Amenity.md
  - urbano-2/text/components/Create_Block.md
  - urbano-2/text/components/Create_Building.md
  - urbano-2/text/components/Create_Metadata.md
  - urbano-2/text/components/Create_Population.md
  - urbano-2/text/components/Create_Project_Setting.md
  - urbano-2/text/components/Create_Public_Transit_Network.md
  - urbano-2/text/components/Create_Street_Network.md
  - urbano-2/text/components/Deconstruct_Metadata.md
  - urbano-2/text/components/Download_DEM_and_Build_Terrain_Mesh.md
  - urbano-2/text/components/Download_OpenStreetMap(OSM).md
  - urbano-2/text/components/Draw_Map.md
  - urbano-2/text/components/Embed_Metadata_into_Curve.md
  - urbano-2/text/components/Embed_Metadata_into_Point.md
  - urbano-2/text/components/Filter_Trips.md
  - urbano-2/text/components/Find_Amenities.md
  - urbano-2/text/components/Geographic_Boundary.md
  - urbano-2/text/components/Import_Buildings.md
  - urbano-2/text/components/Import_Data_Blocks.md
  - urbano-2/text/components/Import_Geojson_File.md
  - urbano-2/text/components/Import_Green_Spaces.md
  - urbano-2/text/components/Import_LAS.md
  - urbano-2/text/components/Import_OSM_Features.md
  - urbano-2/text/components/Import_OSM_File.md
  - urbano-2/text/components/Import_OSM_Street_Network.md
  - urbano-2/text/components/Import_Public_Transits.md
  - urbano-2/text/components/Import_SHP_File.md
  - urbano-2/text/components/Import_Shapefile_Features.md
  - urbano-2/text/components/Import_Streets.md
  - urbano-2/text/components/Import_Terrain.md
  - urbano-2/text/components/Import_Urbano_Model.md
  - urbano-2/text/components/Import_Urbano_Template.md
  - urbano-2/text/components/Inpsect_Trip.md
  - urbano-2/text/components/Inspect_Amenity.md
  - urbano-2/text/components/Inspect_Boundary.md
  - urbano-2/text/components/Inspect_Building.md
  - urbano-2/text/components/Inspect_Project_Setting.md
  - urbano-2/text/components/Inspect_Street_Segment.md
  - urbano-2/text/components/Inspect_Trip.md
  - urbano-2/text/components/License.md
  - urbano-2/text/components/Load_Trip_from_File.md
  - urbano-2/text/components/Lookup_Metadata.md
  - urbano-2/text/components/Merge_Metadata.md
  - urbano-2/text/components/Osm_Feature_Query.md
  - urbano-2/text/components/Project_Geographic_Boundary.md
  - urbano-2/text/components/Project_Geographic_Point.md
  - urbano-2/text/components/Project_Pt_Onto_Terrain.md
  - urbano-2/text/components/Relative_File_Path.md
  - urbano-2/text/components/Relative_Path.md
  - urbano-2/text/components/Remap.md
  - urbano-2/text/components/Route_Biases.md
  - urbano-2/text/components/Router.md
  - urbano-2/text/components/Run_Python.md
  - urbano-2/text/components/Save_Data_To_Geojson.md
  - urbano-2/text/components/Save_Trips_To_File.md
  - urbano-2/text/components/Save_Urbano_Model.md
  - urbano-2/text/components/Search_Metadata.md
  - urbano-2/text/components/Simplify_Polyline.md
  - urbano-2/text/components/Simulation_Configuration.md
  - urbano-2/text/components/Split_Street_Curves.md
  - urbano-2/text/components/Street_Hits.md
  - urbano-2/text/components/Trip_Amenityscore.md
  - urbano-2/text/components/Trip_Volume_By_Streets.md
  - urbano-2/text/components/Trip_Volume_By_Transit.md
  - urbano-2/text/components/Trip_Volume_From_To_Blocks.md
  - urbano-2/text/components/Trip_Walkscore.md
  - urbano-2/text/components/Urbano_Bake.md
  - urbano-2/text/components/Urbano_Gradient.md
  - urbano-2/text/components/Urbano_Mobility_Simulation_Engine.md
  - urbano-2/text/components/WalkScore_Trip_Engine.md
  - urbano-2/text/components/WorkerWithProgBarComponent.md
  - urbano-2/text/components/Workflow_Template.md
INFO    -  An absolute path to '/... | flat | urbano-1/text/components/*.md' is included in the 'nav' configuration, which presumably points to an external resource.
INFO    -  An absolute path to '/... | flat | urbano-2/text/components/*.md' is included in the 'nav' configuration, which presumably points to an external resource.
INFO    -  Documentation built in 11.19 seconds

[31m │ ⚠ WARNING – MkDocs 2.0 is incompatible with Material for MkDocs[0m
[31m │ [0m
[31m │ [0m  MkDocs 1.x is unmaintained. We recommend switching to Zensical, our
[31m │ [0m  new static site generator, as soon as possible. We're providing an
[31m │ [0m  analysis of the situation in this article:
[31m │ [0m
[31m │ [0m  [4mhttps://squidfunk.github.io/mkdocs-material/blog/2026/02/18/mkdocs-2.0/[0m
[0m
